{"synthetic": false,
 "schemaVersion": "2025-09-10",
 "outputs": null,
 "log":
 [{"message":
   ".> ELAN=elan ELAN_HOME=/Users/sean/.elan ELAN_TOOLCHAIN=leanprover/lean4:v4.28.0 LAKE=/Users/sean/.elan/toolchains/leanprover--lean4---v4.28.0/bin/lake LAKE_HOME=/Users/sean/.elan/toolchains/leanprover--lean4---v4.28.0 LAKE_PKG_URL_MAP={} LAKE_NO_CACHE=false LAKE_CACHE_KEY= LAKE_CACHE_ARTIFACT_ENDPOINT= LAKE_CACHE_REVISION_ENDPOINT= LEAN=/Users/sean/.elan/toolchains/leanprover--lean4---v4.28.0/bin/lean LEAN_SYSROOT=/Users/sean/.elan/toolchains/leanprover--lean4---v4.28.0 LEAN_AR=/Users/sean/.elan/toolchains/leanprover--lean4---v4.28.0/bin/llvm-ar LEAN_CC= LAKE_CACHE_DIR=/Users/sean/.elan/toolchains/leanprover--lean4---v4.28.0/lake/cache LAKE_ARTIFACT_CACHE=false LEAN_PATH=/Users/sean/Documents/MA2/lean/src/.lake/packages/batteries/.lake/build/lib/lean:/Users/sean/Documents/MA2/lean/src/.lake/packages/Qq/.lake/build/lib/lean:/Users/sean/Documents/MA2/lean/src/.lake/packages/aesop/.lake/build/lib/lean:/Users/sean/Documents/MA2/lean/src/.lake/packages/proofwidgets/.lake/build/lib/lean:/Users/sean/Documents/MA2/lean/src/.lake/packages/importGraph/.lake/build/lib/lean:/Users/sean/Documents/MA2/lean/src/.lake/packages/LeanSearchClient/.lake/build/lib/lean:/Users/sean/Documents/MA2/lean/src/.lake/packages/plausible/.lake/build/lib/lean:/Users/sean/Documents/MA2/lean/src/.lake/packages/mathlib/.lake/build/lib/lean:/Users/sean/Documents/MA2/lean/src/.lake/packages/MD4Lean/.lake/build/lib/lean:/Users/sean/Documents/MA2/lean/src/.lake/packages/BibtexQuery/.lake/build/lib/lean:/Users/sean/Documents/MA2/lean/src/.lake/packages/UnicodeBasic/.lake/build/lib/lean:/Users/sean/Documents/MA2/lean/src/.lake/packages/Cli/.lake/build/lib/lean:/Users/sean/Documents/MA2/lean/src/.lake/build/lib/lean:/Users/sean/Documents/MA2/lean/src/.lake/packages/doc-gen4/.lake/build/lib/lean:/Users/sean/Documents/MA2/lean/src/docbuild/.lake/build/lib/lean:/Users/sean/.elan/toolchains/leanprover--lean4---v4.28.0/lib/lean LEAN_SRC_PATH=/Users/sean/Documents/MA2/lean/src/.lake/packages/batteries:/Users/sean/Documents/MA2/lean/src/.lake/packages/batteries:/Users/sean/Documents/MA2/lean/src/.lake/packages/Qq:/Users/sean/Documents/MA2/lean/src/.lake/packages/Qq:/Users/sean/Documents/MA2/lean/src/.lake/packages/aesop:/Users/sean/Documents/MA2/lean/src/.lake/packages/aesop:/Users/sean/Documents/MA2/lean/src/.lake/packages/proofwidgets:/Users/sean/Documents/MA2/lean/src/.lake/packages/proofwidgets:/Users/sean/Documents/MA2/lean/src/.lake/packages/proofwidgets:/Users/sean/Documents/MA2/lean/src/.lake/packages/importGraph:/Users/sean/Documents/MA2/lean/src/.lake/packages/importGraph:/Users/sean/Documents/MA2/lean/src/.lake/packages/LeanSearchClient:/Users/sean/Documents/MA2/lean/src/.lake/packages/LeanSearchClient:/Users/sean/Documents/MA2/lean/src/.lake/packages/plausible:/Users/sean/Documents/MA2/lean/src/.lake/packages/plausible:/Users/sean/Documents/MA2/lean/src/.lake/packages/mathlib:/Users/sean/Documents/MA2/lean/src/.lake/packages/mathlib:/Users/sean/Documents/MA2/lean/src/.lake/packages/mathlib:/Users/sean/Documents/MA2/lean/src/.lake/packages/mathlib:/Users/sean/Documents/MA2/lean/src/.lake/packages/mathlib:/Users/sean/Documents/MA2/lean/src/.lake/packages/mathlib:/Users/sean/Documents/MA2/lean/src/.lake/packages/MD4Lean:/Users/sean/Documents/MA2/lean/src/.lake/packages/MD4Lean:/Users/sean/Documents/MA2/lean/src/.lake/packages/BibtexQuery:/Users/sean/Documents/MA2/lean/src/.lake/packages/UnicodeBasic:/Users/sean/Documents/MA2/lean/src/.lake/packages/UnicodeBasic:/Users/sean/Documents/MA2/lean/src/.lake/packages/Cli:/Users/sean/Documents/MA2/lean/src/.lake/packages/Cli:/Users/sean/Documents/MA2/lean/src:/Users/sean/Documents/MA2/lean/src/.lake/packages/doc-gen4:/Users/sean/.elan/toolchains/leanprover--lean4---v4.28.0/src/lean/lake LEAN_GITHASH=7e01a1bf5c70fc6167d49c345d3bf80596e9a79b PATH DYLD_LIBRARY_PATH=/Users/sean/.elan/toolchains/leanprover--lean4---v4.28.0/lib/lean:/Users/sean/.elan/toolchains/leanprover--lean4---v4.28.0/lib:/Users/sean/Documents/MA2/lean/src/docbuild/.lake/build/lib:/Users/sean/Documents/MA2/lean/src/.lake/packages/doc-gen4/.lake/build/lib:/Users/sean/Documents/MA2/lean/src/.lake/build/lib:/Users/sean/Documents/MA2/lean/src/.lake/packages/Cli/.lake/build/lib:/Users/sean/Documents/MA2/lean/src/.lake/packages/UnicodeBasic/.lake/build/lib:/Users/sean/Documents/MA2/lean/src/.lake/packages/BibtexQuery/.lake/build/lib:/Users/sean/Documents/MA2/lean/src/.lake/packages/MD4Lean/.lake/build/lib:/Users/sean/Documents/MA2/lean/src/.lake/packages/mathlib/.lake/build/lib:/Users/sean/Documents/MA2/lean/src/.lake/packages/plausible/.lake/build/lib:/Users/sean/Documents/MA2/lean/src/.lake/packages/LeanSearchClient/.lake/build/lib:/Users/sean/Documents/MA2/lean/src/.lake/packages/importGraph/.lake/build/lib:/Users/sean/Documents/MA2/lean/src/.lake/packages/proofwidgets/.lake/build/lib:/Users/sean/Documents/MA2/lean/src/.lake/packages/aesop/.lake/build/lib:/Users/sean/Documents/MA2/lean/src/.lake/packages/Qq/.lake/build/lib:/Users/sean/Documents/MA2/lean/src/.lake/packages/batteries/.lake/build/lib /Users/sean/Documents/MA2/lean/src/.lake/packages/doc-gen4/.lake/build/bin/doc-gen4 single --build /Users/sean/Documents/MA2/lean/src/docbuild/.lake/build Mathlib.Init https://github.com/leanprover-community/mathlib4/blob/8f9d9cff6bd728b17a24e163c9402775d9e6a365/Mathlib/Init.lean",
   "level": "trace"}],
 "inputs":
 [["<collection>",
   [["/Users/sean/Documents/MA2/lean/src/docbuild/.lake/build/doc/Mathlib/Lean/Linter.html",
     "d11dd5e5a194a4d8"],
    ["/Users/sean/Documents/MA2/lean/src/docbuild/.lake/build/doc/Mathlib/Tactic/Linter/DeprecatedSyntaxLinter.html",
     "d0b8e78c53355002"],
    ["/Users/sean/Documents/MA2/lean/src/docbuild/.lake/build/doc/Mathlib/Tactic/Linter/DirectoryDependency.html",
     "f988e6106ada8f46"],
    ["/Users/sean/Documents/MA2/lean/src/docbuild/.lake/build/doc/Mathlib/Tactic/Linter/DocPrime.html",
     "54c77ef4fc71edb8"],
    ["/Users/sean/Documents/MA2/lean/src/docbuild/.lake/build/doc/Mathlib/Tactic/Linter/DocString.html",
     "3eaf739affa7acbf"],
    ["/Users/sean/Documents/MA2/lean/src/docbuild/.lake/build/doc/Mathlib/Tactic/Linter/EmptyLine.html",
     "b968c8c6dbd7c636"],
    ["/Users/sean/Documents/MA2/lean/src/docbuild/.lake/build/doc/Mathlib/Tactic/Linter/GlobalAttributeIn.html",
     "f625d816f8c5ac82"],
    ["/Users/sean/Documents/MA2/lean/src/docbuild/.lake/build/doc/Mathlib/Tactic/Linter/HashCommandLinter.html",
     "b49a553f43eb63db"],
    ["/Users/sean/Documents/MA2/lean/src/docbuild/.lake/build/doc/Mathlib/Tactic/Linter/Header.html",
     "36f4890187867d1f"],
    ["/Users/sean/Documents/MA2/lean/src/docbuild/.lake/build/doc/Mathlib/Tactic/Linter/FlexibleLinter.html",
     "c1adfdb24963ee9e"],
    ["/Users/sean/Documents/MA2/lean/src/docbuild/.lake/build/doc/Mathlib/Tactic/Linter/Lint.html",
     "5b5f240965844504"],
    ["/Users/sean/Documents/MA2/lean/src/docbuild/.lake/build/doc/Mathlib/Tactic/Linter/Multigoal.html",
     "c0d7178b4d10fc45"],
    ["/Users/sean/Documents/MA2/lean/src/docbuild/.lake/build/doc/Mathlib/Tactic/Linter/OldObtain.html",
     "7582c0b963a2f546"],
    ["/Users/sean/Documents/MA2/lean/src/docbuild/.lake/build/doc/Mathlib/Tactic/Linter/PrivateModule.html",
     "e818b0dbf28026c1"],
    ["/Users/sean/Documents/MA2/lean/src/docbuild/.lake/build/doc/Mathlib/Tactic/Linter/TacticDocumentation.html",
     "0f01072f026948f5"],
    ["/Users/sean/Documents/MA2/lean/src/docbuild/.lake/build/doc/Mathlib/Tactic/Linter/UnusedTacticExtension.html",
     "b5be950bb1d808a2"],
    ["/Users/sean/Documents/MA2/lean/src/docbuild/.lake/build/doc/Mathlib/Tactic/Linter/UnusedTactic.html",
     "d03e187c9b362b3b"],
    ["/Users/sean/Documents/MA2/lean/src/docbuild/.lake/build/doc/Mathlib/Tactic/Linter/UnusedInstancesInType.html",
     "09a34a658eed183f"],
    ["/Users/sean/Documents/MA2/lean/src/docbuild/.lake/build/doc/Mathlib/Tactic/Linter/Style.html",
     "1b1a562dbb2e7348"],
    ["/Users/sean/Documents/MA2/lean/src/docbuild/.lake/build/doc/Mathlib/Tactic/Linter/Whitespace.html",
     "83b14ac0d2ea493f"],
    ["/Users/sean/Documents/MA2/lean/src/docbuild/.lake/build/doc/Mathlib/Tactic/MinImports.html",
     "250bd06b76910905"],
    ["/Users/sean/Documents/MA2/lean/src/docbuild/.lake/build/doc/Mathlib/Tactic/TacticAnalysis/Declarations.html",
     "a51e4fb475c6907c"],
    ["/Users/sean/Documents/MA2/lean/src/docbuild/.lake/build/doc/Mathlib/Util/ParseCommand.html",
     "f1b1bd3f4ff538ba"]]],
  ["/Users/sean/Documents/MA2/lean/src/docbuild/.lake/build/doc-data/references.json",
   "a50f2257f35adb49"],
  ["/Users/sean/Documents/MA2/lean/src/.lake/packages/doc-gen4/.lake/build/bin/doc-gen4",
   "2c5f6248e7996898"],
  ["Mathlib.Init:leanArts", "113d0c26a672006e"]],
 "depHash": "49fa29ef494e1180"}