{"synthetic": false,
 "schemaVersion": "2025-09-10",
 "outputs": null,
 "log":
 [{"message":
   ".> ELAN=elan ELAN_HOME=/Users/sean/.elan ELAN_TOOLCHAIN=leanprover/lean4:v4.28.0 LAKE=/Users/sean/.elan/toolchains/leanprover--lean4---v4.28.0/bin/lake LAKE_HOME=/Users/sean/.elan/toolchains/leanprover--lean4---v4.28.0 LAKE_PKG_URL_MAP={} LAKE_NO_CACHE=false LAKE_CACHE_KEY= LAKE_CACHE_ARTIFACT_ENDPOINT= LAKE_CACHE_REVISION_ENDPOINT= LEAN=/Users/sean/.elan/toolchains/leanprover--lean4---v4.28.0/bin/lean LEAN_SYSROOT=/Users/sean/.elan/toolchains/leanprover--lean4---v4.28.0 LEAN_AR=/Users/sean/.elan/toolchains/leanprover--lean4---v4.28.0/bin/llvm-ar LEAN_CC= LAKE_CACHE_DIR=/Users/sean/.elan/toolchains/leanprover--lean4---v4.28.0/lake/cache LAKE_ARTIFACT_CACHE=false LEAN_PATH=/Users/sean/Documents/MA2/lean/src/.lake/packages/batteries/.lake/build/lib/lean:/Users/sean/Documents/MA2/lean/src/.lake/packages/Qq/.lake/build/lib/lean:/Users/sean/Documents/MA2/lean/src/.lake/packages/aesop/.lake/build/lib/lean:/Users/sean/Documents/MA2/lean/src/.lake/packages/proofwidgets/.lake/build/lib/lean:/Users/sean/Documents/MA2/lean/src/.lake/packages/importGraph/.lake/build/lib/lean:/Users/sean/Documents/MA2/lean/src/.lake/packages/LeanSearchClient/.lake/build/lib/lean:/Users/sean/Documents/MA2/lean/src/.lake/packages/plausible/.lake/build/lib/lean:/Users/sean/Documents/MA2/lean/src/.lake/packages/mathlib/.lake/build/lib/lean:/Users/sean/Documents/MA2/lean/src/.lake/packages/MD4Lean/.lake/build/lib/lean:/Users/sean/Documents/MA2/lean/src/.lake/packages/BibtexQuery/.lake/build/lib/lean:/Users/sean/Documents/MA2/lean/src/.lake/packages/UnicodeBasic/.lake/build/lib/lean:/Users/sean/Documents/MA2/lean/src/.lake/packages/Cli/.lake/build/lib/lean:/Users/sean/Documents/MA2/lean/src/.lake/build/lib/lean:/Users/sean/Documents/MA2/lean/src/.lake/packages/doc-gen4/.lake/build/lib/lean:/Users/sean/Documents/MA2/lean/src/docbuild/.lake/build/lib/lean:/Users/sean/.elan/toolchains/leanprover--lean4---v4.28.0/lib/lean LEAN_SRC_PATH=/Users/sean/Documents/MA2/lean/src/.lake/packages/batteries:/Users/sean/Documents/MA2/lean/src/.lake/packages/batteries:/Users/sean/Documents/MA2/lean/src/.lake/packages/Qq:/Users/sean/Documents/MA2/lean/src/.lake/packages/Qq:/Users/sean/Documents/MA2/lean/src/.lake/packages/aesop:/Users/sean/Documents/MA2/lean/src/.lake/packages/aesop:/Users/sean/Documents/MA2/lean/src/.lake/packages/proofwidgets:/Users/sean/Documents/MA2/lean/src/.lake/packages/proofwidgets:/Users/sean/Documents/MA2/lean/src/.lake/packages/proofwidgets:/Users/sean/Documents/MA2/lean/src/.lake/packages/importGraph:/Users/sean/Documents/MA2/lean/src/.lake/packages/importGraph:/Users/sean/Documents/MA2/lean/src/.lake/packages/LeanSearchClient:/Users/sean/Documents/MA2/lean/src/.lake/packages/LeanSearchClient:/Users/sean/Documents/MA2/lean/src/.lake/packages/plausible:/Users/sean/Documents/MA2/lean/src/.lake/packages/plausible:/Users/sean/Documents/MA2/lean/src/.lake/packages/mathlib:/Users/sean/Documents/MA2/lean/src/.lake/packages/mathlib:/Users/sean/Documents/MA2/lean/src/.lake/packages/mathlib:/Users/sean/Documents/MA2/lean/src/.lake/packages/mathlib:/Users/sean/Documents/MA2/lean/src/.lake/packages/mathlib:/Users/sean/Documents/MA2/lean/src/.lake/packages/mathlib:/Users/sean/Documents/MA2/lean/src/.lake/packages/MD4Lean:/Users/sean/Documents/MA2/lean/src/.lake/packages/MD4Lean:/Users/sean/Documents/MA2/lean/src/.lake/packages/BibtexQuery:/Users/sean/Documents/MA2/lean/src/.lake/packages/UnicodeBasic:/Users/sean/Documents/MA2/lean/src/.lake/packages/UnicodeBasic:/Users/sean/Documents/MA2/lean/src/.lake/packages/Cli:/Users/sean/Documents/MA2/lean/src/.lake/packages/Cli:/Users/sean/Documents/MA2/lean/src:/Users/sean/Documents/MA2/lean/src/.lake/packages/doc-gen4:/Users/sean/.elan/toolchains/leanprover--lean4---v4.28.0/src/lean/lake LEAN_GITHASH=7e01a1bf5c70fc6167d49c345d3bf80596e9a79b PATH DYLD_LIBRARY_PATH=/Users/sean/.elan/toolchains/leanprover--lean4---v4.28.0/lib/lean:/Users/sean/.elan/toolchains/leanprover--lean4---v4.28.0/lib:/Users/sean/Documents/MA2/lean/src/docbuild/.lake/build/lib:/Users/sean/Documents/MA2/lean/src/.lake/packages/doc-gen4/.lake/build/lib:/Users/sean/Documents/MA2/lean/src/.lake/build/lib:/Users/sean/Documents/MA2/lean/src/.lake/packages/Cli/.lake/build/lib:/Users/sean/Documents/MA2/lean/src/.lake/packages/UnicodeBasic/.lake/build/lib:/Users/sean/Documents/MA2/lean/src/.lake/packages/BibtexQuery/.lake/build/lib:/Users/sean/Documents/MA2/lean/src/.lake/packages/MD4Lean/.lake/build/lib:/Users/sean/Documents/MA2/lean/src/.lake/packages/mathlib/.lake/build/lib:/Users/sean/Documents/MA2/lean/src/.lake/packages/plausible/.lake/build/lib:/Users/sean/Documents/MA2/lean/src/.lake/packages/LeanSearchClient/.lake/build/lib:/Users/sean/Documents/MA2/lean/src/.lake/packages/importGraph/.lake/build/lib:/Users/sean/Documents/MA2/lean/src/.lake/packages/proofwidgets/.lake/build/lib:/Users/sean/Documents/MA2/lean/src/.lake/packages/aesop/.lake/build/lib:/Users/sean/Documents/MA2/lean/src/.lake/packages/Qq/.lake/build/lib:/Users/sean/Documents/MA2/lean/src/.lake/packages/batteries/.lake/build/lib /Users/sean/Documents/MA2/lean/src/.lake/packages/doc-gen4/.lake/build/bin/doc-gen4 single --build /Users/sean/Documents/MA2/lean/src/docbuild/.lake/build LCS https://github.com/sean-prz/lean/blob/1b52940fde9acf491c0f85142aa512d02ddd5723/src/LCS.lean",
   "level": "trace"}],
 "inputs":
 [["<collection>",
   [["/Users/sean/Documents/MA2/lean/src/docbuild/.lake/build/doc/LCS/Strategy/ObservableStrategy.html",
     "24d20901fee1cec3"],
    ["/Users/sean/Documents/MA2/lean/src/docbuild/.lake/build/doc/LCS/Strategy/ProjectorStrategy.html",
     "ca29fae2e915d872"],
    ["/Users/sean/Documents/MA2/lean/src/docbuild/.lake/build/doc/LCS/Strategy/Equivalence.html",
     "f6cadfad11bb05f7"],
    ["/Users/sean/Documents/MA2/lean/src/docbuild/.lake/build/doc/LCS/Strategy/ObservableToProjector.html",
     "36a2d615a3e1c4f8"],
    ["/Users/sean/Documents/MA2/lean/src/docbuild/.lake/build/doc/LCS/MatrixSOS.html",
     "accee87e3d67d589"],
    ["/Users/sean/Documents/MA2/lean/src/docbuild/.lake/build/doc/LCS/EPR.html",
     "c8e7a67152a52982"],
    ["/Users/sean/Documents/MA2/lean/src/docbuild/.lake/build/doc/LCS/SolutionGroup.html",
     "044fdc2fa8e7e3c6"],
    ["/Users/sean/Documents/MA2/lean/src/docbuild/.lake/build/doc/LCS/SolutionGroup/Representation.html",
     "f682abc30081d508"],
    ["/Users/sean/Documents/MA2/lean/src/docbuild/.lake/build/doc/LCS/Observable.html",
     "dda71c754dfee0f5"],
    ["/Users/sean/Documents/MA2/lean/src/docbuild/.lake/build/doc/LCS/Measurement.html",
     "2ac7efeecdfa099d"],
    ["/Users/sean/Documents/MA2/lean/src/docbuild/.lake/build/doc/LCS/WinningCondition.html",
     "27bb02cf33cecaf5"],
    ["/Users/sean/Documents/MA2/lean/src/docbuild/.lake/build/doc/LCS/Games/MagicSquare.html",
     "cf3a045f5982f8f8"],
    ["/Users/sean/Documents/MA2/lean/src/docbuild/.lake/build/doc/LCS/Games/MagicSquare/Strategy.html",
     "45ca2baace832612"],
    ["/Users/sean/Documents/MA2/lean/src/docbuild/.lake/build/doc/LCS/Games/MagicSquare/SolutionGroup.html",
     "466172d2ef882bb6"]]],
  ["/Users/sean/Documents/MA2/lean/src/docbuild/.lake/build/doc-data/references.json",
   "a50f2257f35adb49"],
  ["/Users/sean/Documents/MA2/lean/src/.lake/packages/doc-gen4/.lake/build/bin/doc-gen4",
   "2c5f6248e7996898"],
  ["LCS:leanArts", "32826e37e96222e9"]],
 "depHash": "acc9e2f280661cc8"}