{"synthetic": false,
 "schemaVersion": "2025-09-10",
 "outputs": null,
 "log":
 [{"message":
   ".> ELAN=elan ELAN_HOME=/Users/sean/.elan ELAN_TOOLCHAIN=leanprover/lean4:v4.28.0 LAKE=/Users/sean/.elan/toolchains/leanprover--lean4---v4.28.0/bin/lake LAKE_HOME=/Users/sean/.elan/toolchains/leanprover--lean4---v4.28.0 LAKE_PKG_URL_MAP={} LAKE_NO_CACHE=false LAKE_CACHE_KEY= LAKE_CACHE_ARTIFACT_ENDPOINT= LAKE_CACHE_REVISION_ENDPOINT= LEAN=/Users/sean/.elan/toolchains/leanprover--lean4---v4.28.0/bin/lean LEAN_SYSROOT=/Users/sean/.elan/toolchains/leanprover--lean4---v4.28.0 LEAN_AR=/Users/sean/.elan/toolchains/leanprover--lean4---v4.28.0/bin/llvm-ar LEAN_CC= LAKE_CACHE_DIR=/Users/sean/.elan/toolchains/leanprover--lean4---v4.28.0/lake/cache LAKE_ARTIFACT_CACHE=false LEAN_PATH=/Users/sean/Documents/MA2/lean/src/.lake/packages/batteries/.lake/build/lib/lean:/Users/sean/Documents/MA2/lean/src/.lake/packages/Qq/.lake/build/lib/lean:/Users/sean/Documents/MA2/lean/src/.lake/packages/aesop/.lake/build/lib/lean:/Users/sean/Documents/MA2/lean/src/.lake/packages/proofwidgets/.lake/build/lib/lean:/Users/sean/Documents/MA2/lean/src/.lake/packages/importGraph/.lake/build/lib/lean:/Users/sean/Documents/MA2/lean/src/.lake/packages/LeanSearchClient/.lake/build/lib/lean:/Users/sean/Documents/MA2/lean/src/.lake/packages/plausible/.lake/build/lib/lean:/Users/sean/Documents/MA2/lean/src/.lake/packages/mathlib/.lake/build/lib/lean:/Users/sean/Documents/MA2/lean/src/.lake/packages/MD4Lean/.lake/build/lib/lean:/Users/sean/Documents/MA2/lean/src/.lake/packages/BibtexQuery/.lake/build/lib/lean:/Users/sean/Documents/MA2/lean/src/.lake/packages/UnicodeBasic/.lake/build/lib/lean:/Users/sean/Documents/MA2/lean/src/.lake/packages/Cli/.lake/build/lib/lean:/Users/sean/Documents/MA2/lean/src/.lake/build/lib/lean:/Users/sean/Documents/MA2/lean/src/.lake/packages/doc-gen4/.lake/build/lib/lean:/Users/sean/Documents/MA2/lean/src/docbuild/.lake/build/lib/lean:/Users/sean/.elan/toolchains/leanprover--lean4---v4.28.0/lib/lean LEAN_SRC_PATH=/Users/sean/Documents/MA2/lean/src/.lake/packages/batteries:/Users/sean/Documents/MA2/lean/src/.lake/packages/batteries:/Users/sean/Documents/MA2/lean/src/.lake/packages/Qq:/Users/sean/Documents/MA2/lean/src/.lake/packages/Qq:/Users/sean/Documents/MA2/lean/src/.lake/packages/aesop:/Users/sean/Documents/MA2/lean/src/.lake/packages/aesop:/Users/sean/Documents/MA2/lean/src/.lake/packages/proofwidgets:/Users/sean/Documents/MA2/lean/src/.lake/packages/proofwidgets:/Users/sean/Documents/MA2/lean/src/.lake/packages/proofwidgets:/Users/sean/Documents/MA2/lean/src/.lake/packages/importGraph:/Users/sean/Documents/MA2/lean/src/.lake/packages/importGraph:/Users/sean/Documents/MA2/lean/src/.lake/packages/LeanSearchClient:/Users/sean/Documents/MA2/lean/src/.lake/packages/LeanSearchClient:/Users/sean/Documents/MA2/lean/src/.lake/packages/plausible:/Users/sean/Documents/MA2/lean/src/.lake/packages/plausible:/Users/sean/Documents/MA2/lean/src/.lake/packages/mathlib:/Users/sean/Documents/MA2/lean/src/.lake/packages/mathlib:/Users/sean/Documents/MA2/lean/src/.lake/packages/mathlib:/Users/sean/Documents/MA2/lean/src/.lake/packages/mathlib:/Users/sean/Documents/MA2/lean/src/.lake/packages/mathlib:/Users/sean/Documents/MA2/lean/src/.lake/packages/mathlib:/Users/sean/Documents/MA2/lean/src/.lake/packages/MD4Lean:/Users/sean/Documents/MA2/lean/src/.lake/packages/MD4Lean:/Users/sean/Documents/MA2/lean/src/.lake/packages/BibtexQuery:/Users/sean/Documents/MA2/lean/src/.lake/packages/UnicodeBasic:/Users/sean/Documents/MA2/lean/src/.lake/packages/UnicodeBasic:/Users/sean/Documents/MA2/lean/src/.lake/packages/Cli:/Users/sean/Documents/MA2/lean/src/.lake/packages/Cli:/Users/sean/Documents/MA2/lean/src:/Users/sean/Documents/MA2/lean/src/.lake/packages/doc-gen4:/Users/sean/.elan/toolchains/leanprover--lean4---v4.28.0/src/lean/lake LEAN_GITHASH=7e01a1bf5c70fc6167d49c345d3bf80596e9a79b PATH DYLD_LIBRARY_PATH=/Users/sean/.elan/toolchains/leanprover--lean4---v4.28.0/lib/lean:/Users/sean/.elan/toolchains/leanprover--lean4---v4.28.0/lib:/Users/sean/Documents/MA2/lean/src/docbuild/.lake/build/lib:/Users/sean/Documents/MA2/lean/src/.lake/packages/doc-gen4/.lake/build/lib:/Users/sean/Documents/MA2/lean/src/.lake/build/lib:/Users/sean/Documents/MA2/lean/src/.lake/packages/Cli/.lake/build/lib:/Users/sean/Documents/MA2/lean/src/.lake/packages/UnicodeBasic/.lake/build/lib:/Users/sean/Documents/MA2/lean/src/.lake/packages/BibtexQuery/.lake/build/lib:/Users/sean/Documents/MA2/lean/src/.lake/packages/MD4Lean/.lake/build/lib:/Users/sean/Documents/MA2/lean/src/.lake/packages/mathlib/.lake/build/lib:/Users/sean/Documents/MA2/lean/src/.lake/packages/plausible/.lake/build/lib:/Users/sean/Documents/MA2/lean/src/.lake/packages/LeanSearchClient/.lake/build/lib:/Users/sean/Documents/MA2/lean/src/.lake/packages/importGraph/.lake/build/lib:/Users/sean/Documents/MA2/lean/src/.lake/packages/proofwidgets/.lake/build/lib:/Users/sean/Documents/MA2/lean/src/.lake/packages/aesop/.lake/build/lib:/Users/sean/Documents/MA2/lean/src/.lake/packages/Qq/.lake/build/lib:/Users/sean/Documents/MA2/lean/src/.lake/packages/batteries/.lake/build/lib /Users/sean/Documents/MA2/lean/src/.lake/packages/doc-gen4/.lake/build/bin/doc-gen4 single --build /Users/sean/Documents/MA2/lean/src/docbuild/.lake/build Plausible https://github.com/leanprover-community/plausible/blob/55c8532eb21ec9f6d565d51d96b8ca50bd1fbef3/Plausible.lean",
   "level": "trace"}],
 "inputs":
 [["<collection>",
   [["/Users/sean/Documents/MA2/lean/src/docbuild/.lake/build/doc/Plausible/Random.html",
     "935a882534a1f944"],
    ["/Users/sean/Documents/MA2/lean/src/docbuild/.lake/build/doc/Plausible/Gen.html",
     "e364643e9616bd5c"],
    ["/Users/sean/Documents/MA2/lean/src/docbuild/.lake/build/doc/Plausible/Sampleable.html",
     "05368f0ab5bf5ef0"],
    ["/Users/sean/Documents/MA2/lean/src/docbuild/.lake/build/doc/Plausible/Testable.html",
     "4729498331b802d4"],
    ["/Users/sean/Documents/MA2/lean/src/docbuild/.lake/build/doc/Plausible/Functions.html",
     "7d13318fee760b65"],
    ["/Users/sean/Documents/MA2/lean/src/docbuild/.lake/build/doc/Plausible/Attr.html",
     "bac41d40ac88aa51"],
    ["/Users/sean/Documents/MA2/lean/src/docbuild/.lake/build/doc/Plausible/Tactic.html",
     "a54fa22d48e829e2"],
    ["/Users/sean/Documents/MA2/lean/src/docbuild/.lake/build/doc/Plausible/Arbitrary.html",
     "6d2f7cea9a946a3a"],
    ["/Users/sean/Documents/MA2/lean/src/docbuild/.lake/build/doc/Plausible/DeriveArbitrary.html",
     "6cd3572392bd95d3"]]],
  ["/Users/sean/Documents/MA2/lean/src/docbuild/.lake/build/doc-data/references.json",
   "a50f2257f35adb49"],
  ["/Users/sean/Documents/MA2/lean/src/.lake/packages/doc-gen4/.lake/build/bin/doc-gen4",
   "2c5f6248e7996898"],
  ["Plausible:leanArts", "34795d9a4d30eee0"]],
 "depHash": "30994751d11611c6"}