{"synthetic": false,
 "schemaVersion": "2025-09-10",
 "outputs": null,
 "log":
 [{"message":
   ".> ELAN=elan ELAN_HOME=/Users/sean/.elan ELAN_TOOLCHAIN=leanprover/lean4:v4.28.0 LAKE=/Users/sean/.elan/toolchains/leanprover--lean4---v4.28.0/bin/lake LAKE_HOME=/Users/sean/.elan/toolchains/leanprover--lean4---v4.28.0 LAKE_PKG_URL_MAP={} LAKE_NO_CACHE=false LAKE_CACHE_KEY= LAKE_CACHE_ARTIFACT_ENDPOINT= LAKE_CACHE_REVISION_ENDPOINT= LEAN=/Users/sean/.elan/toolchains/leanprover--lean4---v4.28.0/bin/lean LEAN_SYSROOT=/Users/sean/.elan/toolchains/leanprover--lean4---v4.28.0 LEAN_AR=/Users/sean/.elan/toolchains/leanprover--lean4---v4.28.0/bin/llvm-ar LEAN_CC= LAKE_CACHE_DIR=/Users/sean/.elan/toolchains/leanprover--lean4---v4.28.0/lake/cache LAKE_ARTIFACT_CACHE=false LEAN_PATH=/Users/sean/Documents/MA2/lean/src/.lake/packages/batteries/.lake/build/lib/lean:/Users/sean/Documents/MA2/lean/src/.lake/packages/Qq/.lake/build/lib/lean:/Users/sean/Documents/MA2/lean/src/.lake/packages/aesop/.lake/build/lib/lean:/Users/sean/Documents/MA2/lean/src/.lake/packages/proofwidgets/.lake/build/lib/lean:/Users/sean/Documents/MA2/lean/src/.lake/packages/importGraph/.lake/build/lib/lean:/Users/sean/Documents/MA2/lean/src/.lake/packages/LeanSearchClient/.lake/build/lib/lean:/Users/sean/Documents/MA2/lean/src/.lake/packages/plausible/.lake/build/lib/lean:/Users/sean/Documents/MA2/lean/src/.lake/packages/mathlib/.lake/build/lib/lean:/Users/sean/Documents/MA2/lean/src/.lake/packages/MD4Lean/.lake/build/lib/lean:/Users/sean/Documents/MA2/lean/src/.lake/packages/BibtexQuery/.lake/build/lib/lean:/Users/sean/Documents/MA2/lean/src/.lake/packages/UnicodeBasic/.lake/build/lib/lean:/Users/sean/Documents/MA2/lean/src/.lake/packages/Cli/.lake/build/lib/lean:/Users/sean/Documents/MA2/lean/src/.lake/build/lib/lean:/Users/sean/Documents/MA2/lean/src/.lake/packages/doc-gen4/.lake/build/lib/lean:/Users/sean/Documents/MA2/lean/src/docbuild/.lake/build/lib/lean:/Users/sean/.elan/toolchains/leanprover--lean4---v4.28.0/lib/lean LEAN_SRC_PATH=/Users/sean/Documents/MA2/lean/src/.lake/packages/batteries:/Users/sean/Documents/MA2/lean/src/.lake/packages/batteries:/Users/sean/Documents/MA2/lean/src/.lake/packages/Qq:/Users/sean/Documents/MA2/lean/src/.lake/packages/Qq:/Users/sean/Documents/MA2/lean/src/.lake/packages/aesop:/Users/sean/Documents/MA2/lean/src/.lake/packages/aesop:/Users/sean/Documents/MA2/lean/src/.lake/packages/proofwidgets:/Users/sean/Documents/MA2/lean/src/.lake/packages/proofwidgets:/Users/sean/Documents/MA2/lean/src/.lake/packages/proofwidgets:/Users/sean/Documents/MA2/lean/src/.lake/packages/importGraph:/Users/sean/Documents/MA2/lean/src/.lake/packages/importGraph:/Users/sean/Documents/MA2/lean/src/.lake/packages/LeanSearchClient:/Users/sean/Documents/MA2/lean/src/.lake/packages/LeanSearchClient:/Users/sean/Documents/MA2/lean/src/.lake/packages/plausible:/Users/sean/Documents/MA2/lean/src/.lake/packages/plausible:/Users/sean/Documents/MA2/lean/src/.lake/packages/mathlib:/Users/sean/Documents/MA2/lean/src/.lake/packages/mathlib:/Users/sean/Documents/MA2/lean/src/.lake/packages/mathlib:/Users/sean/Documents/MA2/lean/src/.lake/packages/mathlib:/Users/sean/Documents/MA2/lean/src/.lake/packages/mathlib:/Users/sean/Documents/MA2/lean/src/.lake/packages/mathlib:/Users/sean/Documents/MA2/lean/src/.lake/packages/MD4Lean:/Users/sean/Documents/MA2/lean/src/.lake/packages/MD4Lean:/Users/sean/Documents/MA2/lean/src/.lake/packages/BibtexQuery:/Users/sean/Documents/MA2/lean/src/.lake/packages/UnicodeBasic:/Users/sean/Documents/MA2/lean/src/.lake/packages/UnicodeBasic:/Users/sean/Documents/MA2/lean/src/.lake/packages/Cli:/Users/sean/Documents/MA2/lean/src/.lake/packages/Cli:/Users/sean/Documents/MA2/lean/src:/Users/sean/Documents/MA2/lean/src/.lake/packages/doc-gen4:/Users/sean/.elan/toolchains/leanprover--lean4---v4.28.0/src/lean/lake LEAN_GITHASH=7e01a1bf5c70fc6167d49c345d3bf80596e9a79b PATH DYLD_LIBRARY_PATH=/Users/sean/.elan/toolchains/leanprover--lean4---v4.28.0/lib/lean:/Users/sean/.elan/toolchains/leanprover--lean4---v4.28.0/lib:/Users/sean/Documents/MA2/lean/src/docbuild/.lake/build/lib:/Users/sean/Documents/MA2/lean/src/.lake/packages/doc-gen4/.lake/build/lib:/Users/sean/Documents/MA2/lean/src/.lake/build/lib:/Users/sean/Documents/MA2/lean/src/.lake/packages/Cli/.lake/build/lib:/Users/sean/Documents/MA2/lean/src/.lake/packages/UnicodeBasic/.lake/build/lib:/Users/sean/Documents/MA2/lean/src/.lake/packages/BibtexQuery/.lake/build/lib:/Users/sean/Documents/MA2/lean/src/.lake/packages/MD4Lean/.lake/build/lib:/Users/sean/Documents/MA2/lean/src/.lake/packages/mathlib/.lake/build/lib:/Users/sean/Documents/MA2/lean/src/.lake/packages/plausible/.lake/build/lib:/Users/sean/Documents/MA2/lean/src/.lake/packages/LeanSearchClient/.lake/build/lib:/Users/sean/Documents/MA2/lean/src/.lake/packages/importGraph/.lake/build/lib:/Users/sean/Documents/MA2/lean/src/.lake/packages/proofwidgets/.lake/build/lib:/Users/sean/Documents/MA2/lean/src/.lake/packages/aesop/.lake/build/lib:/Users/sean/Documents/MA2/lean/src/.lake/packages/Qq/.lake/build/lib:/Users/sean/Documents/MA2/lean/src/.lake/packages/batteries/.lake/build/lib /Users/sean/Documents/MA2/lean/src/.lake/packages/doc-gen4/.lake/build/bin/doc-gen4 single --build /Users/sean/Documents/MA2/lean/src/docbuild/.lake/build Mathlib.RingTheory.NonUnitalSubsemiring.Basic https://github.com/leanprover-community/mathlib4/blob/8f9d9cff6bd728b17a24e163c9402775d9e6a365/Mathlib/RingTheory/NonUnitalSubsemiring/Basic.lean",
   "level": "trace"}],
 "inputs":
 [["<collection>",
   [["/Users/sean/Documents/MA2/lean/src/docbuild/.lake/build/doc/Mathlib/Algebra/Group/Submonoid/Membership.html",
     "276f4c415b1dd998"],
    ["/Users/sean/Documents/MA2/lean/src/docbuild/.lake/build/doc/Mathlib/Algebra/Group/Subsemigroup/Membership.html",
     "63cdbe3c1d5f4e12"],
    ["/Users/sean/Documents/MA2/lean/src/docbuild/.lake/build/doc/Mathlib/Algebra/Group/Subsemigroup/Operations.html",
     "ef794da46c2959cd"],
    ["/Users/sean/Documents/MA2/lean/src/docbuild/.lake/build/doc/Mathlib/Algebra/GroupWithZero/Center.html",
     "76caa023d5e1be60"],
    ["/Users/sean/Documents/MA2/lean/src/docbuild/.lake/build/doc/Mathlib/Algebra/Ring/Center.html",
     "8a6ea29525d31dee"],
    ["/Users/sean/Documents/MA2/lean/src/docbuild/.lake/build/doc/Mathlib/Algebra/Ring/Centralizer.html",
     "8e0d6b9e454cbbf3"],
    ["/Users/sean/Documents/MA2/lean/src/docbuild/.lake/build/doc/Mathlib/Algebra/Ring/Opposite.html",
     "0b97ee09a9d848df"],
    ["/Users/sean/Documents/MA2/lean/src/docbuild/.lake/build/doc/Mathlib/Algebra/Ring/Prod.html",
     "f12b73d290918c44"],
    ["/Users/sean/Documents/MA2/lean/src/docbuild/.lake/build/doc/Mathlib/Algebra/Ring/Submonoid/Basic.html",
     "cf3e08bc7ebde6bb"],
    ["/Users/sean/Documents/MA2/lean/src/docbuild/.lake/build/doc/Mathlib/Data/Set/Finite/Range.html",
     "f5fd2d9332951071"],
    ["/Users/sean/Documents/MA2/lean/src/docbuild/.lake/build/doc/Mathlib/GroupTheory/Submonoid/Center.html",
     "d96da99ad12bb2e3"],
    ["/Users/sean/Documents/MA2/lean/src/docbuild/.lake/build/doc/Mathlib/GroupTheory/Subsemigroup/Centralizer.html",
     "58f61e437bdd2573"],
    ["/Users/sean/Documents/MA2/lean/src/docbuild/.lake/build/doc/Mathlib/RingTheory/NonUnitalSubsemiring/Defs.html",
     "db714415998c9aa4"]]],
  ["/Users/sean/Documents/MA2/lean/src/docbuild/.lake/build/doc-data/references.json",
   "a50f2257f35adb49"],
  ["/Users/sean/Documents/MA2/lean/src/.lake/packages/doc-gen4/.lake/build/bin/doc-gen4",
   "2c5f6248e7996898"],
  ["Mathlib.RingTheory.NonUnitalSubsemiring.Basic:leanArts",
   "6154a4711b110adc"]],
 "depHash": "2b3e1304810408a5"}