{"synthetic": false,
 "schemaVersion": "2025-09-10",
 "outputs": null,
 "log":
 [{"message":
   ".> ELAN=elan ELAN_HOME=/Users/sean/.elan ELAN_TOOLCHAIN=leanprover/lean4:v4.28.0 LAKE=/Users/sean/.elan/toolchains/leanprover--lean4---v4.28.0/bin/lake LAKE_HOME=/Users/sean/.elan/toolchains/leanprover--lean4---v4.28.0 LAKE_PKG_URL_MAP={} LAKE_NO_CACHE=false LAKE_CACHE_KEY= LAKE_CACHE_ARTIFACT_ENDPOINT= LAKE_CACHE_REVISION_ENDPOINT= LEAN=/Users/sean/.elan/toolchains/leanprover--lean4---v4.28.0/bin/lean LEAN_SYSROOT=/Users/sean/.elan/toolchains/leanprover--lean4---v4.28.0 LEAN_AR=/Users/sean/.elan/toolchains/leanprover--lean4---v4.28.0/bin/llvm-ar LEAN_CC= LAKE_CACHE_DIR=/Users/sean/.elan/toolchains/leanprover--lean4---v4.28.0/lake/cache LAKE_ARTIFACT_CACHE=false LEAN_PATH=/Users/sean/Documents/MA2/lean/src/.lake/packages/batteries/.lake/build/lib/lean:/Users/sean/Documents/MA2/lean/src/.lake/packages/Qq/.lake/build/lib/lean:/Users/sean/Documents/MA2/lean/src/.lake/packages/aesop/.lake/build/lib/lean:/Users/sean/Documents/MA2/lean/src/.lake/packages/proofwidgets/.lake/build/lib/lean:/Users/sean/Documents/MA2/lean/src/.lake/packages/importGraph/.lake/build/lib/lean:/Users/sean/Documents/MA2/lean/src/.lake/packages/LeanSearchClient/.lake/build/lib/lean:/Users/sean/Documents/MA2/lean/src/.lake/packages/plausible/.lake/build/lib/lean:/Users/sean/Documents/MA2/lean/src/.lake/packages/mathlib/.lake/build/lib/lean:/Users/sean/Documents/MA2/lean/src/.lake/packages/MD4Lean/.lake/build/lib/lean:/Users/sean/Documents/MA2/lean/src/.lake/packages/BibtexQuery/.lake/build/lib/lean:/Users/sean/Documents/MA2/lean/src/.lake/packages/UnicodeBasic/.lake/build/lib/lean:/Users/sean/Documents/MA2/lean/src/.lake/packages/Cli/.lake/build/lib/lean:/Users/sean/Documents/MA2/lean/src/.lake/build/lib/lean:/Users/sean/Documents/MA2/lean/src/.lake/packages/doc-gen4/.lake/build/lib/lean:/Users/sean/Documents/MA2/lean/src/docbuild/.lake/build/lib/lean:/Users/sean/.elan/toolchains/leanprover--lean4---v4.28.0/lib/lean LEAN_SRC_PATH=/Users/sean/Documents/MA2/lean/src/.lake/packages/batteries:/Users/sean/Documents/MA2/lean/src/.lake/packages/batteries:/Users/sean/Documents/MA2/lean/src/.lake/packages/Qq:/Users/sean/Documents/MA2/lean/src/.lake/packages/Qq:/Users/sean/Documents/MA2/lean/src/.lake/packages/aesop:/Users/sean/Documents/MA2/lean/src/.lake/packages/aesop:/Users/sean/Documents/MA2/lean/src/.lake/packages/proofwidgets:/Users/sean/Documents/MA2/lean/src/.lake/packages/proofwidgets:/Users/sean/Documents/MA2/lean/src/.lake/packages/proofwidgets:/Users/sean/Documents/MA2/lean/src/.lake/packages/importGraph:/Users/sean/Documents/MA2/lean/src/.lake/packages/importGraph:/Users/sean/Documents/MA2/lean/src/.lake/packages/LeanSearchClient:/Users/sean/Documents/MA2/lean/src/.lake/packages/LeanSearchClient:/Users/sean/Documents/MA2/lean/src/.lake/packages/plausible:/Users/sean/Documents/MA2/lean/src/.lake/packages/plausible:/Users/sean/Documents/MA2/lean/src/.lake/packages/mathlib:/Users/sean/Documents/MA2/lean/src/.lake/packages/mathlib:/Users/sean/Documents/MA2/lean/src/.lake/packages/mathlib:/Users/sean/Documents/MA2/lean/src/.lake/packages/mathlib:/Users/sean/Documents/MA2/lean/src/.lake/packages/mathlib:/Users/sean/Documents/MA2/lean/src/.lake/packages/mathlib:/Users/sean/Documents/MA2/lean/src/.lake/packages/MD4Lean:/Users/sean/Documents/MA2/lean/src/.lake/packages/MD4Lean:/Users/sean/Documents/MA2/lean/src/.lake/packages/BibtexQuery:/Users/sean/Documents/MA2/lean/src/.lake/packages/UnicodeBasic:/Users/sean/Documents/MA2/lean/src/.lake/packages/UnicodeBasic:/Users/sean/Documents/MA2/lean/src/.lake/packages/Cli:/Users/sean/Documents/MA2/lean/src/.lake/packages/Cli:/Users/sean/Documents/MA2/lean/src:/Users/sean/Documents/MA2/lean/src/.lake/packages/doc-gen4:/Users/sean/.elan/toolchains/leanprover--lean4---v4.28.0/src/lean/lake LEAN_GITHASH=7e01a1bf5c70fc6167d49c345d3bf80596e9a79b PATH DYLD_LIBRARY_PATH=/Users/sean/.elan/toolchains/leanprover--lean4---v4.28.0/lib/lean:/Users/sean/.elan/toolchains/leanprover--lean4---v4.28.0/lib:/Users/sean/Documents/MA2/lean/src/docbuild/.lake/build/lib:/Users/sean/Documents/MA2/lean/src/.lake/packages/doc-gen4/.lake/build/lib:/Users/sean/Documents/MA2/lean/src/.lake/build/lib:/Users/sean/Documents/MA2/lean/src/.lake/packages/Cli/.lake/build/lib:/Users/sean/Documents/MA2/lean/src/.lake/packages/UnicodeBasic/.lake/build/lib:/Users/sean/Documents/MA2/lean/src/.lake/packages/BibtexQuery/.lake/build/lib:/Users/sean/Documents/MA2/lean/src/.lake/packages/MD4Lean/.lake/build/lib:/Users/sean/Documents/MA2/lean/src/.lake/packages/mathlib/.lake/build/lib:/Users/sean/Documents/MA2/lean/src/.lake/packages/plausible/.lake/build/lib:/Users/sean/Documents/MA2/lean/src/.lake/packages/LeanSearchClient/.lake/build/lib:/Users/sean/Documents/MA2/lean/src/.lake/packages/importGraph/.lake/build/lib:/Users/sean/Documents/MA2/lean/src/.lake/packages/proofwidgets/.lake/build/lib:/Users/sean/Documents/MA2/lean/src/.lake/packages/aesop/.lake/build/lib:/Users/sean/Documents/MA2/lean/src/.lake/packages/Qq/.lake/build/lib:/Users/sean/Documents/MA2/lean/src/.lake/packages/batteries/.lake/build/lib /Users/sean/Documents/MA2/lean/src/.lake/packages/doc-gen4/.lake/build/bin/doc-gen4 single --build /Users/sean/Documents/MA2/lean/src/docbuild/.lake/build Aesop.RuleTac.Basic https://github.com/leanprover-community/aesop/blob/f642a64c76df8ba9cb53dba3b919425a0c2aeaf1/Aesop/RuleTac/Basic.lean",
   "level": "trace"}],
 "inputs":
 [["<collection>",
   [["/Users/sean/Documents/MA2/lean/src/docbuild/.lake/build/doc/Aesop/Forward/Match/Types.html",
     "433fe4a7bed4a972"],
    ["/Users/sean/Documents/MA2/lean/src/docbuild/.lake/build/doc/Aesop/Index/Basic.html",
     "0385ddff967769e6"],
    ["/Users/sean/Documents/MA2/lean/src/docbuild/.lake/build/doc/Aesop/Percent.html",
     "1a6398cb94597e7d"],
    ["/Users/sean/Documents/MA2/lean/src/docbuild/.lake/build/doc/Aesop/Rule/Forward.html",
     "c4a133acf3e9fe32"],
    ["/Users/sean/Documents/MA2/lean/src/docbuild/.lake/build/doc/Aesop/RuleTac/GoalDiff.html",
     "f9768beb6734e8b1"],
    ["/Users/sean/Documents/MA2/lean/src/docbuild/.lake/build/doc/Aesop/RuleTac/FVarIdSubst.html",
     "fd5ad512af5f9d86"],
    ["/Users/sean/Documents/MA2/lean/src/docbuild/.lake/build/doc/Aesop/Script/CtorNames.html",
     "16a89e0b84c63b1c"],
    ["/Users/sean/Documents/MA2/lean/src/docbuild/.lake/build/doc/Aesop/Script/Step.html",
     "e7e13740620bff6c"],
    ["/Users/sean/Documents/MA2/lean/src/docbuild/.lake/build/doc/Batteries/Lean/Meta/SavedState.html",
     "dfce11590ddfb5b6"],
    ["/Users/sean/Documents/MA2/lean/src/docbuild/.lake/build/doc/Aesop/Options/Internal.html",
     "37a9cb287514f9cf"]]],
  ["/Users/sean/Documents/MA2/lean/src/docbuild/.lake/build/doc-data/references.json",
   "a50f2257f35adb49"],
  ["/Users/sean/Documents/MA2/lean/src/.lake/packages/doc-gen4/.lake/build/bin/doc-gen4",
   "2c5f6248e7996898"],
  ["Aesop.RuleTac.Basic:leanArts", "82cfb76bc9d436bb"]],
 "depHash": "608ba8c6572f810f"}