{"synthetic": false,
 "schemaVersion": "2025-09-10",
 "outputs": null,
 "log":
 [{"message":
   ".> ELAN=elan ELAN_HOME=/Users/sean/.elan ELAN_TOOLCHAIN=leanprover/lean4:v4.28.0 LAKE=/Users/sean/.elan/toolchains/leanprover--lean4---v4.28.0/bin/lake LAKE_HOME=/Users/sean/.elan/toolchains/leanprover--lean4---v4.28.0 LAKE_PKG_URL_MAP={} LAKE_NO_CACHE=false LAKE_CACHE_KEY= LAKE_CACHE_ARTIFACT_ENDPOINT= LAKE_CACHE_REVISION_ENDPOINT= LEAN=/Users/sean/.elan/toolchains/leanprover--lean4---v4.28.0/bin/lean LEAN_SYSROOT=/Users/sean/.elan/toolchains/leanprover--lean4---v4.28.0 LEAN_AR=/Users/sean/.elan/toolchains/leanprover--lean4---v4.28.0/bin/llvm-ar LEAN_CC= LAKE_CACHE_DIR=/Users/sean/.elan/toolchains/leanprover--lean4---v4.28.0/lake/cache LAKE_ARTIFACT_CACHE=false LEAN_PATH=/Users/sean/Documents/MA2/lean/src/.lake/packages/batteries/.lake/build/lib/lean:/Users/sean/Documents/MA2/lean/src/.lake/packages/Qq/.lake/build/lib/lean:/Users/sean/Documents/MA2/lean/src/.lake/packages/aesop/.lake/build/lib/lean:/Users/sean/Documents/MA2/lean/src/.lake/packages/proofwidgets/.lake/build/lib/lean:/Users/sean/Documents/MA2/lean/src/.lake/packages/importGraph/.lake/build/lib/lean:/Users/sean/Documents/MA2/lean/src/.lake/packages/LeanSearchClient/.lake/build/lib/lean:/Users/sean/Documents/MA2/lean/src/.lake/packages/plausible/.lake/build/lib/lean:/Users/sean/Documents/MA2/lean/src/.lake/packages/mathlib/.lake/build/lib/lean:/Users/sean/Documents/MA2/lean/src/.lake/packages/MD4Lean/.lake/build/lib/lean:/Users/sean/Documents/MA2/lean/src/.lake/packages/BibtexQuery/.lake/build/lib/lean:/Users/sean/Documents/MA2/lean/src/.lake/packages/UnicodeBasic/.lake/build/lib/lean:/Users/sean/Documents/MA2/lean/src/.lake/packages/Cli/.lake/build/lib/lean:/Users/sean/Documents/MA2/lean/src/.lake/build/lib/lean:/Users/sean/Documents/MA2/lean/src/.lake/packages/doc-gen4/.lake/build/lib/lean:/Users/sean/Documents/MA2/lean/src/docbuild/.lake/build/lib/lean:/Users/sean/.elan/toolchains/leanprover--lean4---v4.28.0/lib/lean LEAN_SRC_PATH=/Users/sean/Documents/MA2/lean/src/.lake/packages/batteries:/Users/sean/Documents/MA2/lean/src/.lake/packages/batteries:/Users/sean/Documents/MA2/lean/src/.lake/packages/Qq:/Users/sean/Documents/MA2/lean/src/.lake/packages/Qq:/Users/sean/Documents/MA2/lean/src/.lake/packages/aesop:/Users/sean/Documents/MA2/lean/src/.lake/packages/aesop:/Users/sean/Documents/MA2/lean/src/.lake/packages/proofwidgets:/Users/sean/Documents/MA2/lean/src/.lake/packages/proofwidgets:/Users/sean/Documents/MA2/lean/src/.lake/packages/proofwidgets:/Users/sean/Documents/MA2/lean/src/.lake/packages/importGraph:/Users/sean/Documents/MA2/lean/src/.lake/packages/importGraph:/Users/sean/Documents/MA2/lean/src/.lake/packages/LeanSearchClient:/Users/sean/Documents/MA2/lean/src/.lake/packages/LeanSearchClient:/Users/sean/Documents/MA2/lean/src/.lake/packages/plausible:/Users/sean/Documents/MA2/lean/src/.lake/packages/plausible:/Users/sean/Documents/MA2/lean/src/.lake/packages/mathlib:/Users/sean/Documents/MA2/lean/src/.lake/packages/mathlib:/Users/sean/Documents/MA2/lean/src/.lake/packages/mathlib:/Users/sean/Documents/MA2/lean/src/.lake/packages/mathlib:/Users/sean/Documents/MA2/lean/src/.lake/packages/mathlib:/Users/sean/Documents/MA2/lean/src/.lake/packages/mathlib:/Users/sean/Documents/MA2/lean/src/.lake/packages/MD4Lean:/Users/sean/Documents/MA2/lean/src/.lake/packages/MD4Lean:/Users/sean/Documents/MA2/lean/src/.lake/packages/BibtexQuery:/Users/sean/Documents/MA2/lean/src/.lake/packages/UnicodeBasic:/Users/sean/Documents/MA2/lean/src/.lake/packages/UnicodeBasic:/Users/sean/Documents/MA2/lean/src/.lake/packages/Cli:/Users/sean/Documents/MA2/lean/src/.lake/packages/Cli:/Users/sean/Documents/MA2/lean/src:/Users/sean/Documents/MA2/lean/src/.lake/packages/doc-gen4:/Users/sean/.elan/toolchains/leanprover--lean4---v4.28.0/src/lean/lake LEAN_GITHASH=7e01a1bf5c70fc6167d49c345d3bf80596e9a79b PATH DYLD_LIBRARY_PATH=/Users/sean/.elan/toolchains/leanprover--lean4---v4.28.0/lib/lean:/Users/sean/.elan/toolchains/leanprover--lean4---v4.28.0/lib:/Users/sean/Documents/MA2/lean/src/docbuild/.lake/build/lib:/Users/sean/Documents/MA2/lean/src/.lake/packages/doc-gen4/.lake/build/lib:/Users/sean/Documents/MA2/lean/src/.lake/build/lib:/Users/sean/Documents/MA2/lean/src/.lake/packages/Cli/.lake/build/lib:/Users/sean/Documents/MA2/lean/src/.lake/packages/UnicodeBasic/.lake/build/lib:/Users/sean/Documents/MA2/lean/src/.lake/packages/BibtexQuery/.lake/build/lib:/Users/sean/Documents/MA2/lean/src/.lake/packages/MD4Lean/.lake/build/lib:/Users/sean/Documents/MA2/lean/src/.lake/packages/mathlib/.lake/build/lib:/Users/sean/Documents/MA2/lean/src/.lake/packages/plausible/.lake/build/lib:/Users/sean/Documents/MA2/lean/src/.lake/packages/LeanSearchClient/.lake/build/lib:/Users/sean/Documents/MA2/lean/src/.lake/packages/importGraph/.lake/build/lib:/Users/sean/Documents/MA2/lean/src/.lake/packages/proofwidgets/.lake/build/lib:/Users/sean/Documents/MA2/lean/src/.lake/packages/aesop/.lake/build/lib:/Users/sean/Documents/MA2/lean/src/.lake/packages/Qq/.lake/build/lib:/Users/sean/Documents/MA2/lean/src/.lake/packages/batteries/.lake/build/lib /Users/sean/Documents/MA2/lean/src/.lake/packages/doc-gen4/.lake/build/bin/doc-gen4 single --build /Users/sean/Documents/MA2/lean/src/docbuild/.lake/build Mathlib.LinearAlgebra.Matrix.ToLin https://github.com/leanprover-community/mathlib4/blob/8f9d9cff6bd728b17a24e163c9402775d9e6a365/Mathlib/LinearAlgebra/Matrix/ToLin.lean",
   "level": "trace"}],
 "inputs":
 [["<collection>",
   [["/Users/sean/Documents/MA2/lean/src/docbuild/.lake/build/doc/Mathlib/Algebra/Algebra/Subalgebra/Tower.html",
     "2faf190a64aa8eb1"],
    ["/Users/sean/Documents/MA2/lean/src/docbuild/.lake/build/doc/Mathlib/Algebra/Module/Projective.html",
     "94ede9b3f7c52bf3"],
    ["/Users/sean/Documents/MA2/lean/src/docbuild/.lake/build/doc/Mathlib/Data/Finite/Sum.html",
     "18b131355d372356"],
    ["/Users/sean/Documents/MA2/lean/src/docbuild/.lake/build/doc/Mathlib/Data/Matrix/Block.html",
     "83b7253f05392091"],
    ["/Users/sean/Documents/MA2/lean/src/docbuild/.lake/build/doc/Mathlib/LinearAlgebra/Basis/Basic.html",
     "4a6f4b8f1e4b165b"],
    ["/Users/sean/Documents/MA2/lean/src/docbuild/.lake/build/doc/Mathlib/LinearAlgebra/Basis/Fin.html",
     "811e638860b57a14"],
    ["/Users/sean/Documents/MA2/lean/src/docbuild/.lake/build/doc/Mathlib/LinearAlgebra/Basis/Prod.html",
     "d0ed7fab08570d42"],
    ["/Users/sean/Documents/MA2/lean/src/docbuild/.lake/build/doc/Mathlib/LinearAlgebra/Basis/SMul.html",
     "bc8ab9fc7f21448d"],
    ["/Users/sean/Documents/MA2/lean/src/docbuild/.lake/build/doc/Mathlib/LinearAlgebra/Matrix/Notation.html",
     "8059042f4ddc6fa1"],
    ["/Users/sean/Documents/MA2/lean/src/docbuild/.lake/build/doc/Mathlib/LinearAlgebra/Matrix/StdBasis.html",
     "7d419cb8199999cc"],
    ["/Users/sean/Documents/MA2/lean/src/docbuild/.lake/build/doc/Mathlib/RingTheory/AlgebraTower.html",
     "59d09be3c30fe392"],
    ["/Users/sean/Documents/MA2/lean/src/docbuild/.lake/build/doc/Mathlib/RingTheory/Ideal/Span.html",
     "c887810d955fbf12"]]],
  ["/Users/sean/Documents/MA2/lean/src/docbuild/.lake/build/doc-data/references.json",
   "a50f2257f35adb49"],
  ["/Users/sean/Documents/MA2/lean/src/.lake/packages/doc-gen4/.lake/build/bin/doc-gen4",
   "0664fab7eedc0c85"],
  ["Mathlib.LinearAlgebra.Matrix.ToLin:leanArts", "48a54e823e16b798"]],
 "depHash": "ae77d8c5ae37d70a"}