{"synthetic": false,
 "schemaVersion": "2025-09-10",
 "outputs": null,
 "log":
 [{"message": "Documentation indexing", "level": "info"},
  {"message":
   ".> /Users/sean/Documents/MA2/lean/projects/LCS/.lake/packages/doc-gen4/.lake/build/bin/doc-gen4 index --build /Users/sean/Documents/MA2/lean/projects/LCS/docbuild/.lake/build",
   "level": "trace"}],
 "inputs":
 [["/Users/sean/Documents/MA2/lean/projects/LCS/docbuild/.lake/build/doc-data/references.json",
   "a50f2257f35adb49"],
  ["/Users/sean/Documents/MA2/lean/projects/LCS/.lake/packages/doc-gen4/.lake/build/bin/doc-gen4",
   "0664fab7eedc0c85"],
  ["<nil>", "693a81cbc883e942"],
  ["<collection>",
   [["/Users/sean/Documents/MA2/lean/projects/LCS/docbuild/.lake/build/doc/LCS/Basic.html",
     "e90f1d1820995593"],
    ["/Users/sean/Documents/MA2/lean/projects/LCS/docbuild/.lake/build/doc/LCS/Measurement.html",
     "a1611965938eda84"],
    ["/Users/sean/Documents/MA2/lean/projects/LCS/docbuild/.lake/build/doc/LCS/Observable.html",
     "ccd960e0a1b1cb45"],
    ["/Users/sean/Documents/MA2/lean/projects/LCS/docbuild/.lake/build/doc/LCS/Strategy/ObservableStrategy.html",
     "a8932c58266b4f94"],
    ["/Users/sean/Documents/MA2/lean/projects/LCS/docbuild/.lake/build/doc/LCS/Common.html",
     "1cca45e149f9e136"],
    ["/Users/sean/Documents/MA2/lean/projects/LCS/docbuild/.lake/build/doc/LCS/Strategy/ObservableToProjector.html",
     "52c32e30213dec10"],
    ["/Users/sean/Documents/MA2/lean/projects/LCS/docbuild/.lake/build/doc/LCS/Strategy/ProjectorStrategy.html",
     "55bad1291ea6adcd"],
    ["/Users/sean/Documents/MA2/lean/projects/LCS/docbuild/.lake/build/doc/LCS/Strategy/Equivalence.html",
     "27c076a48d7dcdc8"],
    ["/Users/sean/Documents/MA2/lean/projects/LCS/docbuild/.lake/build/doc/LCS/MatrixSOS.html",
     "4bbc96a8007cd46c"],
    ["/Users/sean/Documents/MA2/lean/projects/LCS/docbuild/.lake/build/doc/LCS/WinningCondition.html",
     "e1378cd216d70de8"],
    ["/Users/sean/Documents/MA2/lean/projects/LCS/docbuild/.lake/build/doc/LCS/EPR.html",
     "9e6bacf5b7bb68db"],
    ["/Users/sean/Documents/MA2/lean/projects/LCS/docbuild/.lake/build/doc/LCS/SolutionGroup.html",
     "6c3c0b0042d0e395"],
    ["/Users/sean/Documents/MA2/lean/projects/LCS/docbuild/.lake/build/doc/LCS/SolutionGroup/Representation.html",
     "3bf957b96786cafe"],
    ["/Users/sean/Documents/MA2/lean/projects/LCS/docbuild/.lake/build/doc/LCS/Pauli.html",
     "265be4c213158a5d"],
    ["/Users/sean/Documents/MA2/lean/projects/LCS/docbuild/.lake/build/doc/LCS/Games/MagicSquare/Strategy.html",
     "bde8df283785dd2b"],
    ["/Users/sean/Documents/MA2/lean/projects/LCS/docbuild/.lake/build/doc/LCS/Games/MagicSquare/SolutionGroup.html",
     "c2da90922f11ed89"],
    ["/Users/sean/Documents/MA2/lean/projects/LCS/docbuild/.lake/build/doc/LCS/Games/MagicSquare.html",
     "b644df75287b9048"],
    ["/Users/sean/Documents/MA2/lean/projects/LCS/docbuild/.lake/build/doc/LCS.html",
     "ba82b268653dbd98"]]]],
 "depHash": "ef0d8a1bda89e7b3"}