{"synthetic": false,
 "schemaVersion": "2025-09-10",
 "outputs": null,
 "log":
 [{"message": "Documentation indexing", "level": "info"},
  {"message":
   ".> /Users/sean/Documents/MA2/lean/src/.lake/packages/doc-gen4/.lake/build/bin/doc-gen4 index --build /Users/sean/Documents/MA2/lean/src/docbuild/.lake/build",
   "level": "trace"}],
 "inputs":
 [["/Users/sean/Documents/MA2/lean/src/docbuild/.lake/build/doc-data/references.json",
   "a50f2257f35adb49"],
  ["/Users/sean/Documents/MA2/lean/src/.lake/packages/doc-gen4/.lake/build/bin/doc-gen4",
   "2c5f6248e7996898"],
  ["<nil>", "693a81cbc883e942"],
  ["<collection>",
   [["/Users/sean/Documents/MA2/lean/src/docbuild/.lake/build/doc/LCS/Basic.html",
     "269a8b83c8b2ec7a"],
    ["/Users/sean/Documents/MA2/lean/src/docbuild/.lake/build/doc/LCS/Measurement.html",
     "2ac7efeecdfa099d"],
    ["/Users/sean/Documents/MA2/lean/src/docbuild/.lake/build/doc/LCS/Observable.html",
     "dda71c754dfee0f5"],
    ["/Users/sean/Documents/MA2/lean/src/docbuild/.lake/build/doc/LCS/Strategy/ObservableStrategy.html",
     "24d20901fee1cec3"],
    ["/Users/sean/Documents/MA2/lean/src/docbuild/.lake/build/doc/LCS/Common.html",
     "331e7facbd5d046c"],
    ["/Users/sean/Documents/MA2/lean/src/docbuild/.lake/build/doc/LCS/Strategy/ObservableToProjector.html",
     "36a2d615a3e1c4f8"],
    ["/Users/sean/Documents/MA2/lean/src/docbuild/.lake/build/doc/LCS/Strategy/ProjectorStrategy.html",
     "ca29fae2e915d872"],
    ["/Users/sean/Documents/MA2/lean/src/docbuild/.lake/build/doc/LCS/Strategy/Equivalence.html",
     "f6cadfad11bb05f7"],
    ["/Users/sean/Documents/MA2/lean/src/docbuild/.lake/build/doc/LCS/MatrixSOS.html",
     "accee87e3d67d589"],
    ["/Users/sean/Documents/MA2/lean/src/docbuild/.lake/build/doc/LCS/WinningCondition.html",
     "27bb02cf33cecaf5"],
    ["/Users/sean/Documents/MA2/lean/src/docbuild/.lake/build/doc/LCS/EPR.html",
     "a26ed89d4162626d"],
    ["/Users/sean/Documents/MA2/lean/src/docbuild/.lake/build/doc/LCS/SolutionGroup.html",
     "044fdc2fa8e7e3c6"],
    ["/Users/sean/Documents/MA2/lean/src/docbuild/.lake/build/doc/LCS/SolutionGroup/Representation.html",
     "a1c1be67d9a979a6"],
    ["/Users/sean/Documents/MA2/lean/src/docbuild/.lake/build/doc/LCS/Pauli.html",
     "8e5f57fadfe24a47"],
    ["/Users/sean/Documents/MA2/lean/src/docbuild/.lake/build/doc/LCS/Games/MagicSquare/Strategy.html",
     "45ca2baace832612"],
    ["/Users/sean/Documents/MA2/lean/src/docbuild/.lake/build/doc/LCS/Games/MagicSquare/SolutionGroup.html",
     "466172d2ef882bb6"],
    ["/Users/sean/Documents/MA2/lean/src/docbuild/.lake/build/doc/LCS/Games/MagicSquare.html",
     "cf3a045f5982f8f8"],
    ["/Users/sean/Documents/MA2/lean/src/docbuild/.lake/build/doc/LCS.html",
     "99b2bf77480f3e07"]]]],
 "depHash": "d562cc3a85a737c1"}